Copyright 1986-2020 Xilinx, Inc. All Rights Reserved.
---------------------------------------------------------------------------------------------------------------------------------------------------------------------------------------------------------------
| Tool Version : Vivado v.2020.2 (lin64) Build 3064766 Wed Nov 18 09:12:47 MST 2020
| Date         : Tue Jun  6 15:43:04 2023
| Host         : zhang-24.ece.cornell.edu running 64-bit unknown
| Command      : report_utilization -file /work/shared/common/project_build/hbm_ubmark/grp8_all2all_32t32c/output/link/report/sr_util_routed.rpt -hierarchical -hierarchical_percentages -hierarchical_depth 2
| Design       : pfm_top_wrapper
| Device       : xcu280fsvh2892-2L
| Design State : Routed
---------------------------------------------------------------------------------------------------------------------------------------------------------------------------------------------------------------

Utilization Design Information

Table of Contents
-----------------
1. Utilization by Hierarchy

1. Utilization by Hierarchy
---------------------------

+---------------------+---------------------------+----------------+--------------+----------------+----------------+--------------+---------------+-----------------+-------------+-----------+-------------+------------+
|       Instance      |           Module          |  PR Attribute  | Total PPLOCs |   Total LUTs   |   Logic LUTs   |    LUTRAMs   |      SRLs     |       FFs       |    RAMB36   |   RAMB18  |     URAM    | DSP Blocks |
+---------------------+---------------------------+----------------+--------------+----------------+----------------+--------------+---------------+-----------------+-------------+-----------+-------------+------------+
| pfm_top_wrapper     |                     (top) |              - |          688 | 551899(42.37%) | 461959(35.46%) | 29777(4.96%) | 60163(10.02%) | 1023391(39.28%) | 680(33.73%) | 40(0.99%) | 256(26.67%) |   4(0.04%) |
|   (pfm_top_wrapper) |                     (top) |              - |            - |       0(0.00%) |       0(0.00%) |     0(0.00%) |      0(0.00%) |        0(0.00%) |    0(0.00%) |  0(0.00%) |    0(0.00%) |   0(0.00%) |
|   pfm_top_i         |                   pfm_top |              - |            - | 551899(42.37%) | 461959(35.46%) | 29777(4.96%) | 60163(10.02%) | 1023391(39.28%) | 680(33.73%) | 40(0.99%) | 256(26.67%) |   4(0.04%) |
|     (pfm_top_i)     |                   pfm_top |              - |            - |       0(0.00%) |       0(0.00%) |     0(0.00%) |      0(0.00%) |        0(0.00%) |    0(0.00%) |  0(0.00%) |    0(0.00%) |   0(0.00%) |
|     dynamic_region  |               pfm_dynamic | Reconfigurable |          688 | 458619(39.42%) | 375540(32.28%) | 24604(4.63%) | 58475(11.00%) |  894645(38.45%) | 484(27.63%) | 32(0.91%) |  256(0.00%) |   0(0.00%) |
|     static_region   | static_region_imp_1TEKTPK |         Static |            - |  93280(67.01%) |  86419(62.08%) |  5173(7.48%) |   1688(2.44%) |  128746(46.24%) | 196(74.24%) |  8(1.52%) |    0(0.00%) |   4(0.76%) |
|     xlconstant_0    |    pfm_top_xlconstant_0_2 |         Static |            - |       0(0.00%) |       0(0.00%) |     0(0.00%) |      0(0.00%) |        0(0.00%) |    0(0.00%) |  0(0.00%) |    0(0.00%) |   0(0.00%) |
+---------------------+---------------------------+----------------+--------------+----------------+----------------+--------------+---------------+-----------------+-------------+-----------+-------------+------------+
* Note: The sum of lower-level cells may be larger than their parent cells total, due to cross-hierarchy LUT combining.
  The percentages are calculated based on static or reconfigurable regions where the instances belong


