Copyright 1986-2020 Xilinx, Inc. All Rights Reserved.
------------------------------------------------------------------------------------------
| Tool Version : Vivado v.2020.2 (lin64) Build 3064766 Wed Nov 18 09:12:47 MST 2020
| Date         : Sat Jun  3 03:34:42 2023
| Host         : zhang-23.ece.cornell.edu running 64-bit unknown
| Command      : report_utilization -slr -file slr_util_placed.rpt -pb slr_util_placed.pb
| Design       : pfm_top_wrapper
| Device       : xcu280fsvh2892-2L
| Design State : Fully Placed
------------------------------------------------------------------------------------------

Utilization Design Information

Table of Contents
-----------------
1. SLR Connectivity
2. SLR Connectivity Matrix
3. SLR CLB Logic and Dedicated Block Utilization
4. SLR IO Utilization

1. SLR Connectivity
-------------------

+----------------------------------+-------+-------+-----------+-------+
|                                  |  Used | Fixed | Available | Util% |
+----------------------------------+-------+-------+-----------+-------+
| SLR2 <-> SLR1                    | 11634 |       |     23040 | 50.49 |
|   SLR1 -> SLR2                   |  5318 |       |           | 23.08 |
|     Using TX_REG only            |     1 |     1 |           |       |
|     Using RX_REG only            |    18 |    18 |           |       |
|     Using Both TX_REG and RX_REG |  3433 |     1 |           |       |
|   SLR2 -> SLR1                   |  6316 |       |           | 27.41 |
|     Using TX_REG only            |     0 |     0 |           |       |
|     Using RX_REG only            |     4 |     4 |           |       |
|     Using Both TX_REG and RX_REG |  4826 |     0 |           |       |
| SLR1 <-> SLR0                    | 17722 |       |     23040 | 76.92 |
|   SLR0 -> SLR1                   |  7472 |       |           | 32.43 |
|     Using TX_REG only            |    71 |    71 |           |       |
|     Using RX_REG only            |    63 |    61 |           |       |
|     Using Both TX_REG and RX_REG |  6645 |    55 |           |       |
|   SLR1 -> SLR0                   | 10250 |       |           | 44.49 |
|     Using TX_REG only            |    62 |    62 |           |       |
|     Using RX_REG only            |   775 |    71 |           |       |
|     Using Both TX_REG and RX_REG |  8588 |    60 |           |       |
+----------------------------------+-------+-------+-----------+-------+
| Total SLLs Used                  | 29356 |       |           |       |
+----------------------------------+-------+-------+-----------+-------+


2. SLR Connectivity Matrix
--------------------------

+-----------+------+------+-------+
| FROM \ TO | SLR2 | SLR1 |  SLR0 |
+-----------+------+------+-------+
| SLR2      |    0 | 6283 |    33 |
| SLR1      | 5175 |    0 | 10217 |
| SLR0      |  143 | 7329 |     0 |
+-----------+------+------+-------+


3. SLR CLB Logic and Dedicated Block Utilization
------------------------------------------------

+----------------------------+--------+--------+--------+--------+--------+--------+
|          Site Type         |  SLR0  |  SLR1  |  SLR2  | SLR0 % | SLR1 % | SLR2 % |
+----------------------------+--------+--------+--------+--------+--------+--------+
| CLB                        |  44736 |  44980 |  43110 |  81.40 |  83.30 |  79.83 |
|   CLBL                     |  23242 |  23995 |  23038 |  79.38 |  81.95 |  78.68 |
|   CLBM                     |  21494 |  20985 |  20072 |  83.70 |  84.89 |  81.20 |
| CLB LUTs                   | 177554 | 191939 | 182387 |  40.38 |  44.43 |  42.22 |
|   LUT as Logic             | 142155 | 165758 | 154027 |  32.33 |  38.37 |  35.65 |
|     using O5 output only   |   1785 |   1470 |   2219 |   0.41 |   0.34 |   0.51 |
|     using O6 output only   | 104139 | 127216 | 112400 |  23.69 |  29.45 |  26.02 |
|     using O5 and O6        |  36231 |  37072 |  39408 |   8.24 |   8.58 |   9.12 |
|   LUT as Memory            |  35399 |  26181 |  28360 |  17.23 |  13.24 |  14.34 |
|     LUT as Distributed RAM |   9884 |  11037 |   8856 |   4.81 |   5.58 |   4.48 |
|       using O5 output only |      0 |      0 |      0 |   0.00 |   0.00 |   0.00 |
|       using O6 output only |     84 |    215 |     80 |   0.04 |   0.11 |   0.04 |
|       using O5 and O6      |   9800 |  10822 |   8776 |   4.77 |   5.47 |   4.44 |
|     LUT as Shift Register  |  25515 |  15144 |  19504 |  12.42 |   7.66 |   9.86 |
|       using O5 output only |      0 |      0 |      0 |   0.00 |   0.00 |   0.00 |
|       using O6 output only |  21629 |  11826 |  16052 |  10.53 |   5.98 |   8.12 |
|       using O5 and O6      |   3886 |   3318 |   3452 |   1.89 |   1.68 |   1.75 |
| CLB Registers              | 350877 | 344365 | 328137 |  39.90 |  39.86 |  37.98 |
| CARRY8                     |   6421 |   7136 |   6976 |  11.68 |  13.21 |  12.92 |
| F7 Muxes                   |   6597 |   2697 |   6211 |   3.00 |   1.25 |   2.88 |
| F8 Muxes                   |     16 |    141 |     47 |   0.01 |   0.13 |   0.04 |
| F9 Muxes                   |      0 |      0 |      0 |   0.00 |   0.00 |   0.00 |
| Block RAM Tile             |  184.5 |    251 |  264.5 |  27.46 |  37.35 |  39.36 |
|   RAMB36/FIFO              |    178 |    245 |    257 |  26.49 |  36.46 |  38.24 |
|     RAMB36E2 only          |    178 |    245 |    257 |  26.49 |  36.46 |  38.24 |
|   RAMB18                   |     13 |     12 |     15 |   0.97 |   0.89 |   1.12 |
|     RAMB18E2 only          |     13 |     12 |     15 |   0.97 |   0.89 |   1.12 |
| URAM                       |     80 |     88 |     88 |  25.00 |  27.50 |  27.50 |
| DSPs                       |      0 |      0 |      4 |   0.00 |   0.00 |   0.13 |
| PLL                        |      0 |      0 |      0 |   0.00 |   0.00 |   0.00 |
| MMCM                       |      0 |      0 |      0 |   0.00 |   0.00 |   0.00 |
| Unique Control Sets        |   5476 |   5376 |   6626 |   4.98 |   4.98 |   6.14 |
+----------------------------+--------+--------+--------+--------+--------+--------+
* Note: Available Control Sets based on CLB Registers / 8


4. SLR IO Utilization
---------------------

+-----------+-----------+---------+------------+----------+------------+----------+-----+
| SLR Index | Used IOBs | (%)IOBs | Used IPADs | (%)IPADs | Used OPADs | (%)OPADs | GTs |
+-----------+-----------+---------+------------+----------+------------+----------+-----+
| SLR2      |        18 |    8.65 |          0 |     0.00 |          0 |     0.00 |   0 |
| SLR1      |         0 |    0.00 |          0 |     0.00 |          0 |     0.00 |   0 |
| SLR0      |         1 |    0.48 |          0 |     0.00 |          0 |     0.00 |  16 |
+-----------+-----------+---------+------------+----------+------------+----------+-----+
| Total     |        19 |         |          0 |          |          0 |          |  16 |
+-----------+-----------+---------+------------+----------+------------+----------+-----+


