Copyright 1986-2020 Xilinx, Inc. All Rights Reserved.
----------------------------------------------------------------------------------------------
| Tool Version : Vivado v.2020.2 (lin64) Build 3064766 Wed Nov 18 09:12:47 MST 2020
| Date         : Sat Jun  3 03:14:56 2023
| Host         : zhang-22.ece.cornell.edu running 64-bit CentOS Linux release 7.9.2009 (Core)
| Command      : report_utilization -slr -file slr_util_placed.rpt -pb slr_util_placed.pb
| Design       : pfm_top_wrapper
| Device       : xcu280fsvh2892-2L
| Design State : Fully Placed
----------------------------------------------------------------------------------------------

Utilization Design Information

Table of Contents
-----------------
1. SLR Connectivity
2. SLR Connectivity Matrix
3. SLR CLB Logic and Dedicated Block Utilization
4. SLR IO Utilization

1. SLR Connectivity
-------------------

+----------------------------------+-------+-------+-----------+-------+
|                                  |  Used | Fixed | Available | Util% |
+----------------------------------+-------+-------+-----------+-------+
| SLR2 <-> SLR1                    | 11634 |       |     23040 | 50.49 |
|   SLR1 -> SLR2                   |  5318 |       |           | 23.08 |
|     Using TX_REG only            |     1 |     1 |           |       |
|     Using RX_REG only            |    18 |    18 |           |       |
|     Using Both TX_REG and RX_REG |  3433 |     1 |           |       |
|   SLR2 -> SLR1                   |  6316 |       |           | 27.41 |
|     Using TX_REG only            |     0 |     0 |           |       |
|     Using RX_REG only            |     4 |     4 |           |       |
|     Using Both TX_REG and RX_REG |  4826 |     0 |           |       |
| SLR1 <-> SLR0                    | 17727 |       |     23040 | 76.94 |
|   SLR0 -> SLR1                   |  7476 |       |           | 32.45 |
|     Using TX_REG only            |    71 |    71 |           |       |
|     Using RX_REG only            |    63 |    61 |           |       |
|     Using Both TX_REG and RX_REG |  6645 |    55 |           |       |
|   SLR1 -> SLR0                   | 10251 |       |           | 44.49 |
|     Using TX_REG only            |    62 |    62 |           |       |
|     Using RX_REG only            |   753 |    71 |           |       |
|     Using Both TX_REG and RX_REG |  8610 |    60 |           |       |
+----------------------------------+-------+-------+-----------+-------+
| Total SLLs Used                  | 29361 |       |           |       |
+----------------------------------+-------+-------+-----------+-------+


2. SLR Connectivity Matrix
--------------------------

+-----------+------+------+-------+
| FROM \ TO | SLR2 | SLR1 |  SLR0 |
+-----------+------+------+-------+
| SLR2      |    0 | 6283 |    33 |
| SLR1      | 5175 |    0 | 10218 |
| SLR0      |  143 | 7333 |     0 |
+-----------+------+------+-------+


3. SLR CLB Logic and Dedicated Block Utilization
------------------------------------------------

+----------------------------+--------+--------+--------+--------+--------+--------+
|          Site Type         |  SLR0  |  SLR1  |  SLR2  | SLR0 % | SLR1 % | SLR2 % |
+----------------------------+--------+--------+--------+--------+--------+--------+
| CLB                        |  44581 |  44810 |  42257 |  81.12 |  82.98 |  78.25 |
|   CLBL                     |  23261 |  23903 |  22578 |  79.44 |  81.64 |  77.11 |
|   CLBM                     |  21320 |  20907 |  19679 |  83.02 |  84.58 |  79.61 |
| CLB LUTs                   | 177503 | 191950 | 182357 |  40.37 |  44.43 |  42.21 |
|   LUT as Logic             | 142104 | 165769 | 153997 |  32.32 |  38.37 |  35.65 |
|     using O5 output only   |   1749 |   1444 |   2174 |   0.40 |   0.33 |   0.50 |
|     using O6 output only   | 104072 | 127263 | 112381 |  23.67 |  29.46 |  26.01 |
|     using O5 and O6        |  36283 |  37062 |  39442 |   8.25 |   8.58 |   9.13 |
|   LUT as Memory            |  35399 |  26181 |  28360 |  17.23 |  13.24 |  14.34 |
|     LUT as Distributed RAM |   9884 |  11037 |   8856 |   4.81 |   5.58 |   4.48 |
|       using O5 output only |      0 |      0 |      0 |   0.00 |   0.00 |   0.00 |
|       using O6 output only |     84 |    215 |     80 |   0.04 |   0.11 |   0.04 |
|       using O5 and O6      |   9800 |  10822 |   8776 |   4.77 |   5.47 |   4.44 |
|     LUT as Shift Register  |  25515 |  15144 |  19504 |  12.42 |   7.66 |   9.86 |
|       using O5 output only |      0 |      2 |      0 |   0.00 |  <0.01 |   0.00 |
|       using O6 output only |  21629 |  11824 |  16052 |  10.53 |   5.98 |   8.12 |
|       using O5 and O6      |   3886 |   3318 |   3452 |   1.89 |   1.68 |   1.75 |
| CLB Registers              | 350793 | 344364 | 328172 |  39.89 |  39.86 |  37.98 |
| CARRY8                     |   6421 |   7136 |   6976 |  11.68 |  13.21 |  12.92 |
| F7 Muxes                   |   6597 |   2697 |   6211 |   3.00 |   1.25 |   2.88 |
| F8 Muxes                   |     16 |    141 |     47 |   0.01 |   0.13 |   0.04 |
| F9 Muxes                   |      0 |      0 |      0 |   0.00 |   0.00 |   0.00 |
| Block RAM Tile             |  184.5 |    251 |  264.5 |  27.46 |  37.35 |  39.36 |
|   RAMB36/FIFO              |    178 |    245 |    257 |  26.49 |  36.46 |  38.24 |
|     RAMB36E2 only          |    178 |    245 |    257 |  26.49 |  36.46 |  38.24 |
|   RAMB18                   |     13 |     12 |     15 |   0.97 |   0.89 |   1.12 |
|     RAMB18E2 only          |     13 |     12 |     15 |   0.97 |   0.89 |   1.12 |
| URAM                       |     80 |     88 |     88 |  25.00 |  27.50 |  27.50 |
| DSPs                       |      0 |      0 |      4 |   0.00 |   0.00 |   0.13 |
| PLL                        |      0 |      0 |      0 |   0.00 |   0.00 |   0.00 |
| MMCM                       |      0 |      0 |      0 |   0.00 |   0.00 |   0.00 |
| Unique Control Sets        |   5493 |   5370 |   6612 |   5.00 |   4.97 |   6.12 |
+----------------------------+--------+--------+--------+--------+--------+--------+
* Note: Available Control Sets based on CLB Registers / 8


4. SLR IO Utilization
---------------------

+-----------+-----------+---------+------------+----------+------------+----------+-----+
| SLR Index | Used IOBs | (%)IOBs | Used IPADs | (%)IPADs | Used OPADs | (%)OPADs | GTs |
+-----------+-----------+---------+------------+----------+------------+----------+-----+
| SLR2      |        18 |    8.65 |          0 |     0.00 |          0 |     0.00 |   0 |
| SLR1      |         0 |    0.00 |          0 |     0.00 |          0 |     0.00 |   0 |
| SLR0      |         1 |    0.48 |          0 |     0.00 |          0 |     0.00 |  16 |
+-----------+-----------+---------+------------+----------+------------+----------+-----+
| Total     |        19 |         |          0 |          |          0 |          |  16 |
+-----------+-----------+---------+------------+----------+------------+----------+-----+


