Copyright 1986-2020 Xilinx, Inc. All Rights Reserved.
------------------------------------------------------------------------------------------------------------------------------------------------------------------------------------------------------------------------------------------------------------------------------------------------------------------------------------------------------------------------------------------------------------------------------------------------------------------------------------------------------------------------------------------------------------------------------------------------------------------------------------------------------------------------------------------------------------------------------------------------------------------------------------------------------------------------------------------------------------------------------------
| Tool Version : Vivado v.2020.2 (lin64) Build 3064766 Wed Nov 18 09:12:47 MST 2020
| Date         : Sat Jun  3 10:02:16 2023
| Host         : zhang-23.ece.cornell.edu running 64-bit unknown
| Command      : report_accelerator_utilization -kernels { hbm_tg:pfm_top_i/dynamic_region/tg0/inst:tg0 hbm_tg:pfm_top_i/dynamic_region/tg1/inst:tg1 hbm_tg:pfm_top_i/dynamic_region/tg10/inst:tg10 hbm_tg:pfm_top_i/dynamic_region/tg11/inst:tg11 hbm_tg:pfm_top_i/dynamic_region/tg12/inst:tg12 hbm_tg:pfm_top_i/dynamic_region/tg13/inst:tg13 hbm_tg:pfm_top_i/dynamic_region/tg14/inst:tg14 hbm_tg:pfm_top_i/dynamic_region/tg15/inst:tg15 hbm_tg:pfm_top_i/dynamic_region/tg2/inst:tg2 hbm_tg:pfm_top_i/dynamic_region/tg3/inst:tg3 hbm_tg:pfm_top_i/dynamic_region/tg4/inst:tg4 hbm_tg:pfm_top_i/dynamic_region/tg5/inst:tg5 hbm_tg:pfm_top_i/dynamic_region/tg6/inst:tg6 hbm_tg:pfm_top_i/dynamic_region/tg7/inst:tg7 hbm_tg:pfm_top_i/dynamic_region/tg8/inst:tg8 hbm_tg:pfm_top_i/dynamic_region/tg9/inst:tg9} -file kernel_util_routed.rpt -name kernel_util_routed -json
| Design       : pfm_top_wrapper
| Device       : xcu280
| Design State : Routed
------------------------------------------------------------------------------------------------------------------------------------------------------------------------------------------------------------------------------------------------------------------------------------------------------------------------------------------------------------------------------------------------------------------------------------------------------------------------------------------------------------------------------------------------------------------------------------------------------------------------------------------------------------------------------------------------------------------------------------------------------------------------------------------------------------------------------------------------------------------------------------

Accelerator Utilization Design Information

Table of Contents
-----------------
1. System Utilization

1. System Utilization
---------------------

+---------------------+-------------------+------------------+-------------------+----------------+---------------+----------------+
| Name                | LUT               | LUTAsMem         | REG               | BRAM           | URAM          | DSP            |
+---------------------+-------------------+------------------+-------------------+----------------+---------------+----------------+
| Platform            |  136555 [ 10.48%] |  20936 [  3.49%] |  213607 [  8.20%] |  204 [ 10.12%] |   0 [  0.00%] |    4 [  0.04%] |
| User Budget         | 1166165 [100.00%] | 579544 [100.00%] | 2391833 [100.00%] | 1812 [100.00%] | 960 [100.00%] | 9020 [100.00%] |
|    Used Resources   |  172311 [ 14.78%] |  17024 [  2.94%] |  293908 [ 12.29%] |  240 [ 13.25%] | 128 [ 13.33%] |    0 [  0.00%] |
|    Unused Resources |  993854 [ 85.22%] | 562520 [ 97.06%] | 2097925 [ 87.71%] | 1572 [ 86.75%] | 832 [ 86.67%] | 9020 [100.00%] |
| hbm_tg              |  172311 [ 14.78%] |  17024 [  2.94%] |  293908 [ 12.29%] |  240 [ 13.25%] | 128 [ 13.33%] |    0 [  0.00%] |
|    tg0              |   10781 [  0.92%] |   1064 [  0.18%] |   18371 [  0.77%] |   15 [  0.83%] |   8 [  0.83%] |    0 [  0.00%] |
|    tg1              |   10726 [  0.92%] |   1064 [  0.18%] |   18359 [  0.77%] |   15 [  0.83%] |   8 [  0.83%] |    0 [  0.00%] |
|    tg10             |   10786 [  0.92%] |   1064 [  0.18%] |   18365 [  0.77%] |   15 [  0.83%] |   8 [  0.83%] |    0 [  0.00%] |
|    tg11             |   10756 [  0.92%] |   1064 [  0.18%] |   18362 [  0.77%] |   15 [  0.83%] |   8 [  0.83%] |    0 [  0.00%] |
|    tg12             |   10785 [  0.92%] |   1064 [  0.18%] |   18381 [  0.77%] |   15 [  0.83%] |   8 [  0.83%] |    0 [  0.00%] |
|    tg13             |   10782 [  0.92%] |   1064 [  0.18%] |   18365 [  0.77%] |   15 [  0.83%] |   8 [  0.83%] |    0 [  0.00%] |
|    tg14             |   10729 [  0.92%] |   1064 [  0.18%] |   18366 [  0.77%] |   15 [  0.83%] |   8 [  0.83%] |    0 [  0.00%] |
|    tg15             |   10786 [  0.92%] |   1064 [  0.18%] |   18372 [  0.77%] |   15 [  0.83%] |   8 [  0.83%] |    0 [  0.00%] |
|    tg2              |   10773 [  0.92%] |   1064 [  0.18%] |   18380 [  0.77%] |   15 [  0.83%] |   8 [  0.83%] |    0 [  0.00%] |
|    tg3              |   10752 [  0.92%] |   1064 [  0.18%] |   18383 [  0.77%] |   15 [  0.83%] |   8 [  0.83%] |    0 [  0.00%] |
|    tg4              |   10783 [  0.92%] |   1064 [  0.18%] |   18383 [  0.77%] |   15 [  0.83%] |   8 [  0.83%] |    0 [  0.00%] |
|    tg5              |   10782 [  0.92%] |   1064 [  0.18%] |   18365 [  0.77%] |   15 [  0.83%] |   8 [  0.83%] |    0 [  0.00%] |
|    tg6              |   10762 [  0.92%] |   1064 [  0.18%] |   18373 [  0.77%] |   15 [  0.83%] |   8 [  0.83%] |    0 [  0.00%] |
|    tg7              |   10788 [  0.93%] |   1064 [  0.18%] |   18371 [  0.77%] |   15 [  0.83%] |   8 [  0.83%] |    0 [  0.00%] |
|    tg8              |   10750 [  0.92%] |   1064 [  0.18%] |   18349 [  0.77%] |   15 [  0.83%] |   8 [  0.83%] |    0 [  0.00%] |
|    tg9              |   10790 [  0.93%] |   1064 [  0.18%] |   18363 [  0.77%] |   15 [  0.83%] |   8 [  0.83%] |    0 [  0.00%] |
+---------------------+-------------------+------------------+-------------------+----------------+---------------+----------------+


