Copyright 1986-2020 Xilinx, Inc. All Rights Reserved.
------------------------------------------------------------------------------------------
| Tool Version : Vivado v.2020.2 (lin64) Build 3064766 Wed Nov 18 09:12:47 MST 2020
| Date         : Sat Jun  3 02:18:57 2023
| Host         : zhang-24.ece.cornell.edu running 64-bit unknown
| Command      : report_utilization -slr -file slr_util_routed.rpt -pb slr_util_routed.pb
| Design       : pfm_top_wrapper
| Device       : xcu280fsvh2892-2L
| Design State : Routed
------------------------------------------------------------------------------------------

Utilization Design Information

Table of Contents
-----------------
1. SLR Connectivity
2. SLR Connectivity Matrix
3. SLR CLB Logic and Dedicated Block Utilization
4. SLR IO Utilization

1. SLR Connectivity
-------------------

+----------------------------------+------+-------+-----------+-------+
|                                  | Used | Fixed | Available | Util% |
+----------------------------------+------+-------+-----------+-------+
| SLR2 <-> SLR1                    | 3963 |       |     23040 | 17.20 |
|   SLR1 -> SLR2                   | 2084 |       |           |  9.05 |
|     Using TX_REG only            |  267 |     1 |           |       |
|     Using RX_REG only            |  284 |    18 |           |       |
|     Using Both TX_REG and RX_REG |  267 |     1 |           |       |
|   SLR2 -> SLR1                   | 1879 |       |           |  8.16 |
|     Using TX_REG only            |  407 |     0 |           |       |
|     Using RX_REG only            |  412 |     4 |           |       |
|     Using Both TX_REG and RX_REG |  407 |     0 |           |       |
| SLR1 <-> SLR0                    | 2577 |       |     23040 | 11.18 |
|   SLR0 -> SLR1                   | 1180 |       |           |  5.12 |
|     Using TX_REG only            |  371 |    71 |           |       |
|     Using RX_REG only            |  361 |    61 |           |       |
|     Using Both TX_REG and RX_REG |  355 |    55 |           |       |
|   SLR1 -> SLR0                   | 1397 |       |           |  6.06 |
|     Using TX_REG only            |  441 |    62 |           |       |
|     Using RX_REG only            |  450 |    71 |           |       |
|     Using Both TX_REG and RX_REG |  438 |    60 |           |       |
+----------------------------------+------+-------+-----------+-------+
| Total SLLs Used                  | 6540 |       |           |       |
+----------------------------------+------+-------+-----------+-------+


2. SLR Connectivity Matrix
--------------------------

+-----------+------+------+------+
| FROM \ TO | SLR2 | SLR1 | SLR0 |
+-----------+------+------+------+
| SLR2      |    0 | 1879 |    0 |
| SLR1      | 1982 |    0 | 1397 |
| SLR0      |  102 | 1078 |    0 |
+-----------+------+------+------+


3. SLR CLB Logic and Dedicated Block Utilization
------------------------------------------------

+----------------------------+-------+-------+-------+--------+--------+--------+
|          Site Type         |  SLR0 |  SLR1 |  SLR2 | SLR0 % | SLR1 % | SLR2 % |
+----------------------------+-------+-------+-------+--------+--------+--------+
| CLB                        |  9302 |  7723 |  8650 |  16.93 |  14.30 |  16.02 |
|   CLBL                     |  4527 |  3950 |  4524 |  15.46 |  13.49 |  15.45 |
|   CLBM                     |  4775 |  3773 |  4126 |  18.59 |  15.26 |  16.69 |
| CLB LUTs                   | 30543 | 47749 | 35346 |   6.95 |  11.05 |   8.18 |
|   LUT as Logic             | 26645 | 43747 | 32322 |   6.06 |  10.13 |   7.48 |
|     using O5 output only   |   496 |   292 |  1013 |   0.11 |   0.07 |   0.23 |
|     using O6 output only   | 18588 | 34317 | 19473 |   4.23 |   7.94 |   4.51 |
|     using O5 and O6        |  7561 |  9138 | 11836 |   1.72 |   2.12 |   2.74 |
|   LUT as Memory            |  3898 |  4002 |  3024 |   1.90 |   2.02 |   1.53 |
|     LUT as Distributed RAM |  1128 |  3837 |  1672 |   0.55 |   1.94 |   0.85 |
|       using O5 output only |     0 |     0 |     0 |   0.00 |   0.00 |   0.00 |
|       using O6 output only |    80 |   215 |    80 |   0.04 |   0.11 |   0.04 |
|       using O5 and O6      |  1048 |  3622 |  1592 |   0.51 |   1.83 |   0.81 |
|     LUT as Shift Register  |  2770 |   165 |  1352 |   1.35 |   0.08 |   0.68 |
|       using O5 output only |     0 |     0 |     0 |   0.00 |   0.00 |   0.00 |
|       using O6 output only |  1600 |   165 |  1222 |   0.78 |   0.08 |   0.62 |
|       using O5 and O6      |  1170 |     0 |   130 |   0.57 |   0.00 |   0.07 |
| CLB Registers              | 60790 | 46632 | 60689 |   6.91 |   5.40 |   7.02 |
| CARRY8                     |   944 |   475 |   313 |   1.72 |   0.88 |   0.58 |
| F7 Muxes                   |   602 |   651 |  1054 |   0.27 |   0.30 |   0.49 |
| F8 Muxes                   |    16 |   141 |    47 |   0.01 |   0.13 |   0.04 |
| F9 Muxes                   |     0 |     0 |     0 |   0.00 |   0.00 |   0.00 |
| Block RAM Tile             |    45 |  80.5 |    94 |   6.70 |  11.98 |  13.99 |
|   RAMB36/FIFO              |    43 |    80 |    92 |   6.40 |  11.90 |  13.69 |
|     RAMB36E2 only          |    43 |    80 |    92 |   6.40 |  11.90 |  13.69 |
|   RAMB18                   |     4 |     1 |     4 |   0.30 |   0.07 |   0.30 |
|     RAMB18E2 only          |     4 |     1 |     4 |   0.30 |   0.07 |   0.30 |
| URAM                       |     8 |     0 |     0 |   2.50 |   0.00 |   0.00 |
| DSPs                       |     0 |     0 |     4 |   0.00 |   0.00 |   0.13 |
| PLL                        |     0 |     0 |     0 |   0.00 |   0.00 |   0.00 |
| MMCM                       |     0 |     0 |     0 |   0.00 |   0.00 |   0.00 |
| Unique Control Sets        |  1696 |  1508 |  2722 |   1.54 |   1.40 |   2.52 |
+----------------------------+-------+-------+-------+--------+--------+--------+
* Note: Available Control Sets based on CLB Registers / 8


4. SLR IO Utilization
---------------------

+-----------+-----------+---------+------------+----------+------------+----------+-----+
| SLR Index | Used IOBs | (%)IOBs | Used IPADs | (%)IPADs | Used OPADs | (%)OPADs | GTs |
+-----------+-----------+---------+------------+----------+------------+----------+-----+
| SLR2      |        18 |    8.65 |          0 |     0.00 |          0 |     0.00 |   0 |
| SLR1      |         0 |    0.00 |          0 |     0.00 |          0 |     0.00 |   0 |
| SLR0      |         1 |    0.48 |          0 |     0.00 |          0 |     0.00 |  16 |
+-----------+-----------+---------+------------+----------+------------+----------+-----+
| Total     |        19 |         |          0 |          |          0 |          |  16 |
+-----------+-----------+---------+------------+----------+------------+----------+-----+


