Copyright 1986-2020 Xilinx, Inc. All Rights Reserved.
-----------------------------------------------------------------------------------------------------------------------------------------------------------------------
| Tool Version : Vivado v.2020.2 (lin64) Build 3064766 Wed Nov 18 09:12:47 MST 2020
| Date         : Sat Jun  3 01:38:20 2023
| Host         : zhang-24.ece.cornell.edu running 64-bit unknown
| Command      : report_accelerator_utilization -kernels { hbm_tg:pfm_top_i/dynamic_region/tg0/inst:tg0} -file kernel_util_synthed.rpt -name kernel_util_synthed -json
| Design       : pfm_top_wrapper
| Device       : xcu280
| Design State : Synthesized
-----------------------------------------------------------------------------------------------------------------------------------------------------------------------

Accelerator Utilization Design Information

Table of Contents
-----------------
1. System Utilization

1. System Utilization
---------------------

+---------------------+-------------------+------------------+-------------------+----------------+---------------+----------------+
| Name                | LUT               | LUTAsMem         | REG               | BRAM           | URAM          | DSP            |
+---------------------+-------------------+------------------+-------------------+----------------+---------------+----------------+
| Platform            |  116269 [  8.93%] |  11463 [  1.91%] |  154518 [  5.93%] |  204 [ 10.12%] |   0 [  0.00%] |    4 [  0.04%] |
| User Budget         | 1186451 [100.00%] | 589017 [100.00%] | 2450922 [100.00%] | 1812 [100.00%] | 960 [100.00%] | 9020 [100.00%] |
|    Used Resources   |   11208 [  0.94%] |   1394 [  0.24%] |   18495 [  0.75%] |   15 [  0.83%] |   8 [  0.83%] |    0 [  0.00%] |
|    Unused Resources | 1175243 [ 99.06%] | 587623 [ 99.76%] | 2432427 [ 99.25%] | 1797 [ 99.17%] | 952 [ 99.17%] | 9020 [100.00%] |
| hbm_tg              |   11208 [  0.94%] |   1394 [  0.24%] |   18495 [  0.75%] |   15 [  0.83%] |   8 [  0.83%] |    0 [  0.00%] |
|    tg0              |   11208 [  0.94%] |   1394 [  0.24%] |   18495 [  0.75%] |   15 [  0.83%] |   8 [  0.83%] |    0 [  0.00%] |
+---------------------+-------------------+------------------+-------------------+----------------+---------------+----------------+


