Copyright 1986-2020 Xilinx, Inc. All Rights Reserved.
---------------------------------------------------------------------------------------------------------------------------------------------------------------------
| Tool Version : Vivado v.2020.2 (lin64) Build 3064766 Wed Nov 18 09:12:47 MST 2020
| Date         : Fri Jun  2 23:27:02 2023
| Host         : zhang-24.ece.cornell.edu running 64-bit unknown
| Command      : report_accelerator_utilization -kernels { hbm_tg:pfm_top_i/dynamic_region/tg0/inst:tg0} -file kernel_util_routed.rpt -name kernel_util_routed -json
| Design       : pfm_top_wrapper
| Device       : xcu280
| Design State : Routed
---------------------------------------------------------------------------------------------------------------------------------------------------------------------

Accelerator Utilization Design Information

Table of Contents
-----------------
1. System Utilization

1. System Utilization
---------------------

+---------------------+-------------------+------------------+-------------------+----------------+---------------+----------------+
| Name                | LUT               | LUTAsMem         | REG               | BRAM           | URAM          | DSP            |
+---------------------+-------------------+------------------+-------------------+----------------+---------------+----------------+
| Platform            |  102337 [  7.86%] |   9852 [  1.64%] |  149282 [  5.73%] |  202 [ 10.02%] |   0 [  0.00%] |    4 [  0.04%] |
| User Budget         | 1200383 [100.00%] | 590628 [100.00%] | 2456158 [100.00%] | 1814 [100.00%] | 960 [100.00%] | 9020 [100.00%] |
|    Used Resources   |   10767 [  0.90%] |   1070 [  0.18%] |   18391 [  0.75%] |   15 [  0.83%] |   8 [  0.83%] |    0 [  0.00%] |
|    Unused Resources | 1189616 [ 99.10%] | 589558 [ 99.82%] | 2437767 [ 99.25%] | 1799 [ 99.17%] | 952 [ 99.17%] | 9020 [100.00%] |
| hbm_tg              |   10767 [  0.90%] |   1070 [  0.18%] |   18391 [  0.75%] |   15 [  0.83%] |   8 [  0.83%] |    0 [  0.00%] |
|    tg0              |   10767 [  0.90%] |   1070 [  0.18%] |   18391 [  0.75%] |   15 [  0.83%] |   8 [  0.83%] |    0 [  0.00%] |
+---------------------+-------------------+------------------+-------------------+----------------+---------------+----------------+


