

================================================================
== Vitis HLS Report for 'hbm_tg'
================================================================
* Date:           Fri Jun  2 23:39:12 2023

* Version:        2020.2 (Build 3064766 on Wed Nov 18 09:12:47 MST 2020)
* Project:        hbm_tg
* Solution:       solution (Vitis Kernel Flow Target)
* Product family: virtexuplus
* Target device:  xcu280-fsvh2892-2L-e


================================================================
== Performance Estimates
================================================================
+ Timing: 
    * Summary: 
    +--------+---------+----------+------------+
    |  Clock |  Target | Estimated| Uncertainty|
    +--------+---------+----------+------------+
    |ap_clk  |  3.33 ns|  2.433 ns|     0.90 ns|
    +--------+---------+----------+------------+

+ Latency: 
    * Summary: 
    +---------+---------+----------+----------+-----+-----+---------+
    |  Latency (cycles) |  Latency (absolute) |  Interval | Pipeline|
    |   min   |   max   |    min   |    max   | min | max |   Type  |
    +---------+---------+----------+----------+-----+-----+---------+
    |        ?|        ?|         ?|         ?|    ?|    ?|     none|
    +---------+---------+----------+----------+-----+-----+---------+

    + Detail: 
        * Instance: 
        +------------------------------+-------------------+---------+---------+----------+----------+-----+-----+---------+
        |                              |                   |  Latency (cycles) |  Latency (absolute) |  Interval | Pipeline|
        |           Instance           |       Module      |   min   |   max   |    min   |    max   | min | max |   Type  |
        +------------------------------+-------------------+---------+---------+----------+----------+-----+-----+---------+
        |grp_random_read_write_fu_122  |random_read_write  |        ?|        ?|         ?|         ?|    ?|    ?|     none|
        |grp_random_write_fu_136       |random_write       |        ?|        ?|         ?|         ?|    ?|    ?|     none|
        |grp_random_read_fu_150        |random_read        |        ?|        ?|         ?|         ?|    ?|    ?|     none|
        |grp_seq_write_burst_fu_164    |seq_write_burst    |        ?|        ?|         ?|         ?|    ?|    ?|     none|
        |grp_seq_write_fu_173          |seq_write          |        ?|        ?|         ?|         ?|    ?|    ?|     none|
        |grp_seq_read_fu_182           |seq_read           |        ?|        ?|         ?|         ?|    ?|    ?|     none|
        |grp_seq_read_burst_fu_191     |seq_read_burst     |        ?|        ?|         ?|         ?|    ?|    ?|     none|
        +------------------------------+-------------------+---------+---------+----------+----------+-----+-----+---------+

        * Loop: 
        N/A



================================================================
== Utilization Estimates
================================================================
* Summary: 
+---------------------+---------+------+---------+---------+-----+
|         Name        | BRAM_18K|  DSP |    FF   |   LUT   | URAM|
+---------------------+---------+------+---------+---------+-----+
|DSP                  |        -|     -|        -|        -|    -|
|Expression           |        -|     -|        0|        6|    -|
|FIFO                 |        -|     -|        -|        -|    -|
|Instance             |       30|     -|    14322|     9938|    -|
|Memory               |        -|     -|        0|        0|    8|
|Multiplexer          |        -|     -|        -|     1023|    -|
|Register             |        -|     -|       79|        -|    -|
+---------------------+---------+------+---------+---------+-----+
|Total                |       30|     0|    14401|    10967|    8|
+---------------------+---------+------+---------+---------+-----+
|Available SLR        |     1344|  3008|   869120|   434560|  320|
+---------------------+---------+------+---------+---------+-----+
|Utilization SLR (%)  |        2|     0|        1|        2|    2|
+---------------------+---------+------+---------+---------+-----+
|Available            |     4032|  9024|  2607360|  1303680|  960|
+---------------------+---------+------+---------+---------+-----+
|Utilization (%)      |       ~0|     0|       ~0|       ~0|   ~0|
+---------------------+---------+------+---------+---------+-----+

+ Detail: 
    * Instance: 
    +------------------------------+-------------------+---------+----+------+------+-----+
    |           Instance           |       Module      | BRAM_18K| DSP|  FF  |  LUT | URAM|
    +------------------------------+-------------------+---------+----+------+------+-----+
    |control_s_axi_U               |control_s_axi      |        0|   0|   220|   360|    0|
    |gmem_m_axi_U                  |gmem_m_axi         |       30|   0|  1415|  1585|    0|
    |grp_random_read_fu_150        |random_read        |        0|   0|  3177|  2018|    0|
    |grp_random_read_write_fu_122  |random_read_write  |        0|   0|  3781|  2102|    0|
    |grp_random_write_fu_136       |random_write       |        0|   0|  3219|  2053|    0|
    |grp_seq_read_fu_182           |seq_read           |        0|   0|   618|   434|    0|
    |grp_seq_read_burst_fu_191     |seq_read_burst     |        0|   0|   621|   459|    0|
    |grp_seq_write_fu_173          |seq_write          |        0|   0|   650|   457|    0|
    |grp_seq_write_burst_fu_164    |seq_write_burst    |        0|   0|   621|   470|    0|
    +------------------------------+-------------------+---------+----+------+------+-----+
    |Total                         |                   |       30|   0| 14322|  9938|    0|
    +------------------------------+-------------------+---------+----+------+------+-----+

    * DSP: 
    N/A

    * Memory: 
    +----------+--------+---------+---+----+-----+------+-----+------+-------------+
    |  Memory  | Module | BRAM_18K| FF| LUT| URAM| Words| Bits| Banks| W*Bits*Banks|
    +----------+--------+---------+---+----+-----+------+-----+------+-------------+
    |buffer_U  |buffer  |        0|  0|   0|    8|   512|  512|     1|       262144|
    +----------+--------+---------+---+----+-----+------+-----+------+-------------+
    |Total     |        |        0|  0|   0|    8|   512|  512|     1|       262144|
    +----------+--------+---------+---+----+-----+------+-----+------+-------------+

    * FIFO: 
    N/A

    * Expression: 
    +---------------------------------+----------+----+---+----+------------+------------+
    |          Variable Name          | Operation| DSP| FF| LUT| Bitwidth P0| Bitwidth P1|
    +---------------------------------+----------+----+---+----+------------+------------+
    |ap_block_state1                  |        or|   0|  0|   2|           1|           1|
    |ap_block_state2_on_subcall_done  |        or|   0|  0|   2|           1|           1|
    |ap_block_state4_on_subcall_done  |        or|   0|  0|   2|           1|           1|
    +---------------------------------+----------+----+---+----+------------+------------+
    |Total                            |          |   0|  0|   6|           3|           3|
    +---------------------------------+----------+----+---+----+------------+------------+

    * Multiplexer: 
    +-----------------+----+-----------+-----+-----------+
    |       Name      | LUT| Input Size| Bits| Total Bits|
    +-----------------+----+-----------+-----+-----------+
    |ap_NS_fsm        |  26|          5|    1|          5|
    |ap_done          |   9|          2|    1|          2|
    |buffer_address0  |  26|          5|    9|         45|
    |buffer_address1  |  26|          5|    9|         45|
    |buffer_ce0       |  26|          5|    1|          5|
    |buffer_ce1       |  26|          5|    1|          5|
    |buffer_d1        |  26|          5|  512|       2560|
    |buffer_we1       |  26|          5|    1|          5|
    |gmem_ARADDR      |  26|          5|   64|        320|
    |gmem_ARBURST     |  26|          5|    2|         10|
    |gmem_ARCACHE     |  26|          5|    4|         20|
    |gmem_ARID        |  26|          5|    1|          5|
    |gmem_ARLEN       |  26|          5|   32|        160|
    |gmem_ARLOCK      |  26|          5|    2|         10|
    |gmem_ARPROT      |  26|          5|    3|         15|
    |gmem_ARQOS       |  26|          5|    4|         20|
    |gmem_ARREGION    |  26|          5|    4|         20|
    |gmem_ARSIZE      |  26|          5|    3|         15|
    |gmem_ARUSER      |  26|          5|    1|          5|
    |gmem_ARVALID     |  26|          5|    1|          5|
    |gmem_AWADDR      |  26|          5|   64|        320|
    |gmem_AWBURST     |  26|          5|    2|         10|
    |gmem_AWCACHE     |  26|          5|    4|         20|
    |gmem_AWID        |  26|          5|    1|          5|
    |gmem_AWLEN       |  26|          5|   32|        160|
    |gmem_AWLOCK      |  26|          5|    2|         10|
    |gmem_AWPROT      |  26|          5|    3|         15|
    |gmem_AWQOS       |  26|          5|    4|         20|
    |gmem_AWREGION    |  26|          5|    4|         20|
    |gmem_AWSIZE      |  26|          5|    3|         15|
    |gmem_AWUSER      |  26|          5|    1|          5|
    |gmem_AWVALID     |  26|          5|    1|          5|
    |gmem_BREADY      |  26|          5|    1|          5|
    |gmem_RREADY      |  26|          5|    1|          5|
    |gmem_WDATA       |  26|          5|  512|       2560|
    |gmem_WID         |  26|          5|    1|          5|
    |gmem_WLAST       |  26|          5|    1|          5|
    |gmem_WSTRB       |  26|          5|   64|        320|
    |gmem_WUSER       |  26|          5|    1|          5|
    |gmem_WVALID      |  26|          5|    1|          5|
    +-----------------+----+-----------+-----+-----------+
    |Total            |1023|        197| 1359|       6792|
    +-----------------+----+-----------+-----+-----------+

    * Register: 
    +-------------------------------------------+----+----+-----+-----------+
    |                    Name                   | FF | LUT| Bits| Const Bits|
    +-------------------------------------------+----+----+-----+-----------+
    |ap_CS_fsm                                  |   4|   0|    4|          0|
    |ap_done_reg                                |   1|   0|    1|          0|
    |ap_rst_n_inv                               |   1|   0|    1|          0|
    |ap_rst_reg_1                               |   1|   0|    1|          0|
    |ap_rst_reg_2                               |   1|   0|    1|          0|
    |grp_random_read_fu_150_ap_start_reg        |   1|   0|    1|          0|
    |grp_random_read_write_fu_122_ap_start_reg  |   1|   0|    1|          0|
    |grp_random_write_fu_136_ap_start_reg       |   1|   0|    1|          0|
    |grp_seq_read_burst_fu_191_ap_start_reg     |   1|   0|    1|          0|
    |grp_seq_read_fu_182_ap_start_reg           |   1|   0|    1|          0|
    |grp_seq_write_burst_fu_164_ap_start_reg    |   1|   0|    1|          0|
    |grp_seq_write_fu_173_ap_start_reg          |   1|   0|    1|          0|
    |maxi_read_reg_222                          |  64|   0|   64|          0|
    +-------------------------------------------+----+----+-----+-----------+
    |Total                                      |  79|   0|   79|          0|
    +-------------------------------------------+----+----+-----+-----------+



================================================================
== Interface
================================================================
* Summary: 
+-----------------------+-----+-----+---------------+--------------+--------------+
|       RTL Ports       | Dir | Bits|    Protocol   | Source Object|    C Type    |
+-----------------------+-----+-----+---------------+--------------+--------------+
|s_axi_control_AWVALID  |   in|    1|          s_axi|       control|        scalar|
|s_axi_control_AWREADY  |  out|    1|          s_axi|       control|        scalar|
|s_axi_control_AWADDR   |   in|    6|          s_axi|       control|        scalar|
|s_axi_control_WVALID   |   in|    1|          s_axi|       control|        scalar|
|s_axi_control_WREADY   |  out|    1|          s_axi|       control|        scalar|
|s_axi_control_WDATA    |   in|   32|          s_axi|       control|        scalar|
|s_axi_control_WSTRB    |   in|    4|          s_axi|       control|        scalar|
|s_axi_control_ARVALID  |   in|    1|          s_axi|       control|        scalar|
|s_axi_control_ARREADY  |  out|    1|          s_axi|       control|        scalar|
|s_axi_control_ARADDR   |   in|    6|          s_axi|       control|        scalar|
|s_axi_control_RVALID   |  out|    1|          s_axi|       control|        scalar|
|s_axi_control_RREADY   |   in|    1|          s_axi|       control|        scalar|
|s_axi_control_RDATA    |  out|   32|          s_axi|       control|        scalar|
|s_axi_control_RRESP    |  out|    2|          s_axi|       control|        scalar|
|s_axi_control_BVALID   |  out|    1|          s_axi|       control|        scalar|
|s_axi_control_BREADY   |   in|    1|          s_axi|       control|        scalar|
|s_axi_control_BRESP    |  out|    2|          s_axi|       control|        scalar|
|ap_clk                 |   in|    1|  ap_ctrl_chain|        hbm_tg|  return value|
|ap_rst_n               |   in|    1|  ap_ctrl_chain|        hbm_tg|  return value|
|interrupt              |  out|    1|  ap_ctrl_chain|        hbm_tg|  return value|
|m_axi_gmem_AWVALID     |  out|    1|          m_axi|          gmem|       pointer|
|m_axi_gmem_AWREADY     |   in|    1|          m_axi|          gmem|       pointer|
|m_axi_gmem_AWADDR      |  out|   64|          m_axi|          gmem|       pointer|
|m_axi_gmem_AWID        |  out|    1|          m_axi|          gmem|       pointer|
|m_axi_gmem_AWLEN       |  out|    8|          m_axi|          gmem|       pointer|
|m_axi_gmem_AWSIZE      |  out|    3|          m_axi|          gmem|       pointer|
|m_axi_gmem_AWBURST     |  out|    2|          m_axi|          gmem|       pointer|
|m_axi_gmem_AWLOCK      |  out|    2|          m_axi|          gmem|       pointer|
|m_axi_gmem_AWCACHE     |  out|    4|          m_axi|          gmem|       pointer|
|m_axi_gmem_AWPROT      |  out|    3|          m_axi|          gmem|       pointer|
|m_axi_gmem_AWQOS       |  out|    4|          m_axi|          gmem|       pointer|
|m_axi_gmem_AWREGION    |  out|    4|          m_axi|          gmem|       pointer|
|m_axi_gmem_AWUSER      |  out|    1|          m_axi|          gmem|       pointer|
|m_axi_gmem_WVALID      |  out|    1|          m_axi|          gmem|       pointer|
|m_axi_gmem_WREADY      |   in|    1|          m_axi|          gmem|       pointer|
|m_axi_gmem_WDATA       |  out|  512|          m_axi|          gmem|       pointer|
|m_axi_gmem_WSTRB       |  out|   64|          m_axi|          gmem|       pointer|
|m_axi_gmem_WLAST       |  out|    1|          m_axi|          gmem|       pointer|
|m_axi_gmem_WID         |  out|    1|          m_axi|          gmem|       pointer|
|m_axi_gmem_WUSER       |  out|    1|          m_axi|          gmem|       pointer|
|m_axi_gmem_ARVALID     |  out|    1|          m_axi|          gmem|       pointer|
|m_axi_gmem_ARREADY     |   in|    1|          m_axi|          gmem|       pointer|
|m_axi_gmem_ARADDR      |  out|   64|          m_axi|          gmem|       pointer|
|m_axi_gmem_ARID        |  out|    1|          m_axi|          gmem|       pointer|
|m_axi_gmem_ARLEN       |  out|    8|          m_axi|          gmem|       pointer|
|m_axi_gmem_ARSIZE      |  out|    3|          m_axi|          gmem|       pointer|
|m_axi_gmem_ARBURST     |  out|    2|          m_axi|          gmem|       pointer|
|m_axi_gmem_ARLOCK      |  out|    2|          m_axi|          gmem|       pointer|
|m_axi_gmem_ARCACHE     |  out|    4|          m_axi|          gmem|       pointer|
|m_axi_gmem_ARPROT      |  out|    3|          m_axi|          gmem|       pointer|
|m_axi_gmem_ARQOS       |  out|    4|          m_axi|          gmem|       pointer|
|m_axi_gmem_ARREGION    |  out|    4|          m_axi|          gmem|       pointer|
|m_axi_gmem_ARUSER      |  out|    1|          m_axi|          gmem|       pointer|
|m_axi_gmem_RVALID      |   in|    1|          m_axi|          gmem|       pointer|
|m_axi_gmem_RREADY      |  out|    1|          m_axi|          gmem|       pointer|
|m_axi_gmem_RDATA       |   in|  512|          m_axi|          gmem|       pointer|
|m_axi_gmem_RLAST       |   in|    1|          m_axi|          gmem|       pointer|
|m_axi_gmem_RID         |   in|    1|          m_axi|          gmem|       pointer|
|m_axi_gmem_RUSER       |   in|    1|          m_axi|          gmem|       pointer|
|m_axi_gmem_RRESP       |   in|    2|          m_axi|          gmem|       pointer|
|m_axi_gmem_BVALID      |   in|    1|          m_axi|          gmem|       pointer|
|m_axi_gmem_BREADY      |  out|    1|          m_axi|          gmem|       pointer|
|m_axi_gmem_BRESP       |   in|    2|          m_axi|          gmem|       pointer|
|m_axi_gmem_BID         |   in|    1|          m_axi|          gmem|       pointer|
|m_axi_gmem_BUSER       |   in|    1|          m_axi|          gmem|       pointer|
+-----------------------+-----+-----+---------------+--------------+--------------+

