Copyright 1986-2020 Xilinx, Inc. All Rights Reserved.
------------------------------------------------------------------------------------------
| Tool Version : Vivado v.2020.2 (lin64) Build 3064766 Wed Nov 18 09:12:47 MST 2020
| Date         : Fri Jun  2 20:44:14 2023
| Host         : zhang-24.ece.cornell.edu running 64-bit unknown
| Command      : report_utilization -slr -file slr_util_routed.rpt -pb slr_util_routed.pb
| Design       : pfm_top_wrapper
| Device       : xcu280fsvh2892-2L
| Design State : Routed
------------------------------------------------------------------------------------------

Utilization Design Information

Table of Contents
-----------------
1. SLR Connectivity
2. SLR Connectivity Matrix
3. SLR CLB Logic and Dedicated Block Utilization
4. SLR IO Utilization

1. SLR Connectivity
-------------------

+----------------------------------+------+-------+-----------+-------+
|                                  | Used | Fixed | Available | Util% |
+----------------------------------+------+-------+-----------+-------+
| SLR2 <-> SLR1                    | 3963 |       |     23040 | 17.20 |
|   SLR1 -> SLR2                   | 2083 |       |           |  9.04 |
|     Using TX_REG only            |  278 |     1 |           |       |
|     Using RX_REG only            |  295 |    18 |           |       |
|     Using Both TX_REG and RX_REG |  278 |     1 |           |       |
|   SLR2 -> SLR1                   | 1880 |       |           |  8.16 |
|     Using TX_REG only            |  407 |     0 |           |       |
|     Using RX_REG only            |  412 |     4 |           |       |
|     Using Both TX_REG and RX_REG |  407 |     0 |           |       |
| SLR1 <-> SLR0                    | 2530 |       |     23040 | 10.98 |
|   SLR0 -> SLR1                   | 1136 |       |           |  4.93 |
|     Using TX_REG only            |  371 |    71 |           |       |
|     Using RX_REG only            |  361 |    61 |           |       |
|     Using Both TX_REG and RX_REG |  355 |    55 |           |       |
|   SLR1 -> SLR0                   | 1394 |       |           |  6.05 |
|     Using TX_REG only            |  441 |    62 |           |       |
|     Using RX_REG only            |  451 |    71 |           |       |
|     Using Both TX_REG and RX_REG |  439 |    60 |           |       |
+----------------------------------+------+-------+-----------+-------+
| Total SLLs Used                  | 6493 |       |           |       |
+----------------------------------+------+-------+-----------+-------+


2. SLR Connectivity Matrix
--------------------------

+-----------+------+------+------+
| FROM \ TO | SLR2 | SLR1 | SLR0 |
+-----------+------+------+------+
| SLR2      |    0 | 1880 |    0 |
| SLR1      | 1952 |    0 | 1394 |
| SLR0      |  131 | 1005 |    0 |
+-----------+------+------+------+


3. SLR CLB Logic and Dedicated Block Utilization
------------------------------------------------

+----------------------------+-------+-------+-------+--------+--------+--------+
|          Site Type         |  SLR0 |  SLR1 |  SLR2 | SLR0 % | SLR1 % | SLR2 % |
+----------------------------+-------+-------+-------+--------+--------+--------+
| CLB                        |  9303 |  7390 |  8811 |  16.93 |  13.69 |  16.32 |
|   CLBL                     |  4613 |  3755 |  4590 |  15.75 |  12.82 |  15.68 |
|   CLBM                     |  4690 |  3635 |  4221 |  18.26 |  14.70 |  17.08 |
| CLB LUTs                   | 30024 | 47626 | 35356 |   6.83 |  11.02 |   8.18 |
|   LUT as Logic             | 26126 | 43658 | 32300 |   5.94 |  10.11 |   7.48 |
|     using O5 output only   |   480 |   291 |  1013 |   0.11 |   0.07 |   0.23 |
|     using O6 output only   | 18283 | 34232 | 19501 |   4.16 |   7.92 |   4.51 |
|     using O5 and O6        |  7363 |  9135 | 11786 |   1.67 |   2.11 |   2.73 |
|   LUT as Memory            |  3898 |  3968 |  3056 |   1.90 |   2.01 |   1.55 |
|     LUT as Distributed RAM |  1128 |  3837 |  1672 |   0.55 |   1.94 |   0.85 |
|       using O5 output only |     0 |     0 |     0 |   0.00 |   0.00 |   0.00 |
|       using O6 output only |    80 |   215 |    80 |   0.04 |   0.11 |   0.04 |
|       using O5 and O6      |  1048 |  3622 |  1592 |   0.51 |   1.83 |   0.81 |
|     LUT as Shift Register  |  2770 |   131 |  1384 |   1.35 |   0.07 |   0.70 |
|       using O5 output only |     0 |     0 |     0 |   0.00 |   0.00 |   0.00 |
|       using O6 output only |  1600 |   131 |  1254 |   0.78 |   0.07 |   0.63 |
|       using O5 and O6      |  1170 |     0 |   130 |   0.57 |   0.00 |   0.07 |
| CLB Registers              | 60196 | 46483 | 60563 |   6.85 |   5.38 |   7.01 |
| CARRY8                     |   937 |   473 |   313 |   1.70 |   0.88 |   0.58 |
| F7 Muxes                   |   602 |   651 |  1054 |   0.27 |   0.30 |   0.49 |
| F8 Muxes                   |    16 |   141 |    47 |   0.01 |   0.13 |   0.04 |
| F9 Muxes                   |     0 |     0 |     0 |   0.00 |   0.00 |   0.00 |
| Block RAM Tile             |    43 |  80.5 |    94 |   6.40 |  11.98 |  13.99 |
|   RAMB36/FIFO              |    41 |    80 |    92 |   6.10 |  11.90 |  13.69 |
|     RAMB36E2 only          |    41 |    80 |    92 |   6.10 |  11.90 |  13.69 |
|   RAMB18                   |     4 |     1 |     4 |   0.30 |   0.07 |   0.30 |
|     RAMB18E2 only          |     4 |     1 |     4 |   0.30 |   0.07 |   0.30 |
| URAM                       |     8 |     0 |     0 |   2.50 |   0.00 |   0.00 |
| DSPs                       |     0 |     0 |     4 |   0.00 |   0.00 |   0.13 |
| PLL                        |     0 |     0 |     0 |   0.00 |   0.00 |   0.00 |
| MMCM                       |     0 |     0 |     0 |   0.00 |   0.00 |   0.00 |
| Unique Control Sets        |  1668 |  1506 |  2721 |   1.52 |   1.39 |   2.52 |
+----------------------------+-------+-------+-------+--------+--------+--------+
* Note: Available Control Sets based on CLB Registers / 8


4. SLR IO Utilization
---------------------

+-----------+-----------+---------+------------+----------+------------+----------+-----+
| SLR Index | Used IOBs | (%)IOBs | Used IPADs | (%)IPADs | Used OPADs | (%)OPADs | GTs |
+-----------+-----------+---------+------------+----------+------------+----------+-----+
| SLR2      |        18 |    8.65 |          0 |     0.00 |          0 |     0.00 |   0 |
| SLR1      |         0 |    0.00 |          0 |     0.00 |          0 |     0.00 |   0 |
| SLR0      |         1 |    0.48 |          0 |     0.00 |          0 |     0.00 |  16 |
+-----------+-----------+---------+------------+----------+------------+----------+-----+
| Total     |        19 |         |          0 |          |          0 |          |  16 |
+-----------+-----------+---------+------------+----------+------------+----------+-----+


